INFO: Loading positions for 2000 primers from 2 genomes...
INFO: Loaded 8000 position arrays into memory
INFO: Cache statistics:
INFO:   Entries: 8000
INFO:   Memory: 0.3 MB
INFO:   Primers: 2000
INFO: Bin size reduced 10,000 -> 750 bp to match the 3,000 bp extension reach
INFO: Hybrid optimizer initialized
INFO:   Polymerase: phi29
INFO:   Bin size: 10,000 bp
INFO:   Max extension: 70,000 bp
INFO:   Background pruning: enabled (weight=2.0)
INFO: Created optimizer: background-aware
INFO: Evaluating a pool of up to 8 oligos
INFO: Swap refinement: 1 swaps, 1000 evaluations, stopped at evaluation_limit
INFO: Evaluating a pool of up to 9 oligos
INFO: Swap refinement: 1 swaps, 1000 evaluations, stopped at evaluation_limit
INFO: Evaluating a pool of up to 10 oligos
INFO: Swap refinement: 1 swaps, 1000 evaluations, stopped at evaluation_limit
INFO: Evaluating a pool of up to 11 oligos
INFO: Swap refinement: 1 swaps, 1000 evaluations, stopped at evaluation_limit
INFO: Evaluating a pool of up to 12 oligos
INFO: Swap refinement: 1 swaps, 1000 evaluations, stopped at evaluation_limit
INFO: Evaluating a pool of up to 13 oligos
INFO: Swap refinement: 1 swaps, 1000 evaluations, stopped at evaluation_limit
INFO: Evaluating a pool of up to 14 oligos
INFO: Swap refinement: 1 swaps, 1000 evaluations, stopped at evaluation_limit
INFO: Evaluating a pool of up to 15 oligos
INFO: Swap refinement: 1 swaps, 1000 evaluations, stopped at evaluation_limit
INFO: Evaluating a pool of up to 16 oligos
INFO: Swap refinement: 1 swaps, 1000 evaluations, stopped at evaluation_limit
50% estimated coverage: 8 oligos
Report: /Users/andreassjodin/Code/neoswga/examples/wolbachia_pool_design/search_budget_2026-09-16/budget_1000/pool_plan.html
Smallest qualifying panels found among evaluated sizes; not proven global minima. Coverage and specificity are computational estimates, not lab measurements.
